# doctest file for lazy_matrix_mul

>>> from 101-lazy_matrix_mul import lazy_matrix_mul

>>> lazy_matrix_mul([[1, 2]], [[3], [4]])
array([[11]])

>>> lazy_matrix_mul([[1, 2, 3]], [[1], [2], [3]])
array([[14]])

>>> lazy_matrix_mul([1, 2, 3], [[1, 2]])
Traceback (most recent call last):
ValueError: matmul: Input operand 1 has a mismatch in its core dimension ...

>>> lazy_matrix_mul([[1, 2]], [1, 2, 3])
Traceback (most recent call last):
ValueError: matmul: Input operand 0 has a mismatch in its core dimension ...
